main.c:100:5:main	16	static
main.c:219:6:SystemClock_Config	72	static
main.c:258:13:MX_SPI1_Init	8	static
main.c:296:13:MX_TIM2_Init	32	static
main.c:341:13:MX_GPIO_Init	40	static
main.c:405:6:decode_data	24	static
main.c:426:6:update_state	16	static
main.c:450:6:updateRelay	16	static
main.c:479:6:send_register	16	static
main.c:497:6:HAL_TIM_PeriodElapsedCallback	16	static
main.c:528:6:HAL_GPIO_EXTI_Callback	24	static
main.c:544:6:Data2buff	16	static
main.c:552:6:InitOffState	8	static
main.c:558:6:InitIdleState	8	static
main.c:565:6:InitLockedState	4	static
main.c:570:6:InitErrorState	8	static
main.c:583:6:Error_Handler	4	static,ignoring_inline_asm
